Archive member included to satisfy reference by file (symbol)

C:\Users\FUJITSU\DOCUME~1\ATMELS~1\7.0\HAIROB~1\HAIROB~1\ARDUIN~1\Debug\libArduinoCore.a(HardwareSerial.o)
                              Sketch.o (_ZN14HardwareSerial5beginEmh)
C:\Users\FUJITSU\DOCUME~1\ATMELS~1\7.0\HAIROB~1\HAIROB~1\ARDUIN~1\Debug\libArduinoCore.a(HardwareSerial0.o)
                              Sketch.o (Serial)
C:\Users\FUJITSU\DOCUME~1\ATMELS~1\7.0\HAIROB~1\HAIROB~1\ARDUIN~1\Debug\libArduinoCore.a(main.o)
                              C:/Program Files (x86)/Atmel/Studio/7.0/Packs/atmel/ATmega_DFP/1.2.150/gcc/dev/atmega328p/avr5/crtatmega328p.o (main)
C:\Users\FUJITSU\DOCUME~1\ATMELS~1\7.0\HAIROB~1\HAIROB~1\ARDUIN~1\Debug\libArduinoCore.a(new.o)
                              Sketch.o (_Znaj)
C:\Users\FUJITSU\DOCUME~1\ATMELS~1\7.0\HAIROB~1\HAIROB~1\ARDUIN~1\Debug\libArduinoCore.a(Print.o)
                              C:\Users\FUJITSU\DOCUME~1\ATMELS~1\7.0\HAIROB~1\HAIROB~1\ARDUIN~1\Debug\libArduinoCore.a(HardwareSerial.o) (_ZN5Print5writeEPKhj)
C:\Users\FUJITSU\DOCUME~1\ATMELS~1\7.0\HAIROB~1\HAIROB~1\ARDUIN~1\Debug\libArduinoCore.a(wiring.o)
                              Sketch.o (delay)
C:\Users\FUJITSU\DOCUME~1\ATMELS~1\7.0\HAIROB~1\HAIROB~1\ARDUIN~1\Debug\libArduinoCore.a(mcp_can.o)
                              Sketch.o (_ZN7MCP_CANC1Eh)
C:\Users\FUJITSU\DOCUME~1\ATMELS~1\7.0\HAIROB~1\HAIROB~1\ARDUIN~1\Debug\libArduinoCore.a(SPI.o)
                              Sketch.o (_ZN8SPIClass5beginEv)
C:\Users\FUJITSU\DOCUME~1\ATMELS~1\7.0\HAIROB~1\HAIROB~1\ARDUIN~1\Debug\libArduinoCore.a(PS3USB.o)
                              Sketch.o (_ZN6PS3USBC1EP3USBhhhhhh)
C:\Users\FUJITSU\DOCUME~1\ATMELS~1\7.0\HAIROB~1\HAIROB~1\ARDUIN~1\Debug\libArduinoCore.a(Usb.o)
                              Sketch.o (_ZN3USBC1Ev)
C:\Users\FUJITSU\DOCUME~1\ATMELS~1\7.0\HAIROB~1\HAIROB~1\ARDUIN~1\Debug\libArduinoCore.a(abi.o)
                              C:\Users\FUJITSU\DOCUME~1\ATMELS~1\7.0\HAIROB~1\HAIROB~1\ARDUIN~1\Debug\libArduinoCore.a(Print.o) (__cxa_pure_virtual)
C:\Users\FUJITSU\DOCUME~1\ATMELS~1\7.0\HAIROB~1\HAIROB~1\ARDUIN~1\Debug\libArduinoCore.a(hooks.o)
                              C:\Users\FUJITSU\DOCUME~1\ATMELS~1\7.0\HAIROB~1\HAIROB~1\ARDUIN~1\Debug\libArduinoCore.a(wiring.o) (yield)
C:\Users\FUJITSU\DOCUME~1\ATMELS~1\7.0\HAIROB~1\HAIROB~1\ARDUIN~1\Debug\libArduinoCore.a(wiring_digital.o)
                              C:\Users\FUJITSU\DOCUME~1\ATMELS~1\7.0\HAIROB~1\HAIROB~1\ARDUIN~1\Debug\libArduinoCore.a(mcp_can.o) (pinMode)
c:/program files (x86)/atmel/studio/7.0/toolchain/avr8/avr8-gnu-toolchain/bin/../lib/gcc/avr/5.4.0/../../../../avr/lib/avr5\libm.a(addsf3.o)
                              C:\Users\FUJITSU\DOCUME~1\ATMELS~1\7.0\HAIROB~1\HAIROB~1\ARDUIN~1\Debug\libArduinoCore.a(Print.o) (__subsf3)
c:/program files (x86)/atmel/studio/7.0/toolchain/avr8/avr8-gnu-toolchain/bin/../lib/gcc/avr/5.4.0/../../../../avr/lib/avr5\libm.a(addsf3x.o)
                              c:/program files (x86)/atmel/studio/7.0/toolchain/avr8/avr8-gnu-toolchain/bin/../lib/gcc/avr/5.4.0/../../../../avr/lib/avr5\libm.a(addsf3.o) (__addsf3x)
c:/program files (x86)/atmel/studio/7.0/toolchain/avr8/avr8-gnu-toolchain/bin/../lib/gcc/avr/5.4.0/../../../../avr/lib/avr5\libm.a(atan2.o)
                              C:\Users\FUJITSU\DOCUME~1\ATMELS~1\7.0\HAIROB~1\HAIROB~1\ARDUIN~1\Debug\libArduinoCore.a(PS3USB.o) (atan2)
c:/program files (x86)/atmel/studio/7.0/toolchain/avr8/avr8-gnu-toolchain/bin/../lib/gcc/avr/5.4.0/../../../../avr/lib/avr5\libm.a(atan.o)
                              c:/program files (x86)/atmel/studio/7.0/toolchain/avr8/avr8-gnu-toolchain/bin/../lib/gcc/avr/5.4.0/../../../../avr/lib/avr5\libm.a(atan2.o) (atan)
c:/program files (x86)/atmel/studio/7.0/toolchain/avr8/avr8-gnu-toolchain/bin/../lib/gcc/avr/5.4.0/../../../../avr/lib/avr5\libm.a(cmpsf2.o)
                              C:\Users\FUJITSU\DOCUME~1\ATMELS~1\7.0\HAIROB~1\HAIROB~1\ARDUIN~1\Debug\libArduinoCore.a(Print.o) (__ltsf2)
c:/program files (x86)/atmel/studio/7.0/toolchain/avr8/avr8-gnu-toolchain/bin/../lib/gcc/avr/5.4.0/../../../../avr/lib/avr5\libm.a(divsf3.o)
                              C:\Users\FUJITSU\DOCUME~1\ATMELS~1\7.0\HAIROB~1\HAIROB~1\ARDUIN~1\Debug\libArduinoCore.a(Print.o) (__divsf3)
c:/program files (x86)/atmel/studio/7.0/toolchain/avr8/avr8-gnu-toolchain/bin/../lib/gcc/avr/5.4.0/../../../../avr/lib/avr5\libm.a(divsf3x.o)
                              c:/program files (x86)/atmel/studio/7.0/toolchain/avr8/avr8-gnu-toolchain/bin/../lib/gcc/avr/5.4.0/../../../../avr/lib/avr5\libm.a(divsf3.o) (__divsf3x)
c:/program files (x86)/atmel/studio/7.0/toolchain/avr8/avr8-gnu-toolchain/bin/../lib/gcc/avr/5.4.0/../../../../avr/lib/avr5\libm.a(fixunssfsi.o)
                              C:\Users\FUJITSU\DOCUME~1\ATMELS~1\7.0\HAIROB~1\HAIROB~1\ARDUIN~1\Debug\libArduinoCore.a(Print.o) (__fixunssfsi)
[...]
Memory Configuration

Name             Origin             Length             Attributes
text             0x00000000         0x00020000         xr
data             0x00800060         0x0000ffa0         rw !x
eeprom           0x00810000         0x00010000         rw !x
fuse             0x00820000         0x00000003         rw !x
lock             0x00830000         0x00000400         rw !x
signature        0x00840000         0x00000400         rw !x
user_signatures  0x00850000         0x00000400         rw !x
*default*        0x00000000         0xffffffff

Linker script and memory map

Address of section .data set to 0x800100
LOAD C:/Program Files (x86)/Atmel/Studio/7.0/Packs/atmel/ATmega_DFP/1.2.150/gcc/dev/atmega328p/avr5/crtatmega328p.o
LOAD Sketch.o
START GROUP
LOAD c:/program files (x86)/atmel/studio/7.0/toolchain/avr8/avr8-gnu-toolchain/bin/../lib/gcc/avr/5.4.0/../../../../avr/lib/avr5\libm.a
LOAD C:\Users\FUJITSU\DOCUME~1\ATMELS~1\7.0\HAIROB~1\HAIROB~1\ARDUIN~1\Debug\libArduinoCore.a
END GROUP
LOAD c:/program files (x86)/atmel/studio/7.0/toolchain/avr8/avr8-gnu-toolchain/bin/../lib/gcc/avr/5.4.0/avr5\libgcc.a
LOAD c:/program files (x86)/atmel/studio/7.0/toolchain/avr8/avr8-gnu-toolchain/bin/../lib/gcc/avr/5.4.0/../../../../avr/lib/avr5\libm.a
START GROUP
LOAD c:/program files (x86)/atmel/studio/7.0/toolchain/avr8/avr8-gnu-toolchain/bin/../lib/gcc/avr/5.4.0/avr5\libgcc.a
LOAD c:/program files (x86)/atmel/studio/7.0/toolchain/avr8/avr8-gnu-toolchain/bin/../lib/gcc/avr/5.4.0/../../../../avr/lib/avr5\libm.a
LOAD c:/program files (x86)/atmel/studio/7.0/toolchain/avr8/avr8-gnu-toolchain/bin/../lib/gcc/avr/5.4.0/../../../../avr/lib/avr5\libc.a
LOAD C:/Program Files (x86)/Atmel/Studio/7.0/Packs/atmel/ATmega_DFP/1.2.150/gcc/dev/atmega328p/avr5\libatmega328p.a
END GROUP
                0x00020000                __TEXT_REGION_LENGTH__ = DEFINED (__TEXT_REGION_LENGTH__)?__TEXT_REGION_LENGTH__:0x20000
                0x0000ffa0                __DATA_REGION_LENGTH__ = DEFINED (__DATA_REGION_LENGTH__)?__DATA_REGION_LENGTH__:0xffa0
                0x00010000                __EEPROM_REGION_LENGTH__ = DEFINED (__EEPROM_REGION_LENGTH__)?__EEPROM_REGION_LENGTH__:0x10000
                [0x00000003]                __FUSE_REGION_LENGTH__ = DEFINED (__FUSE_REGION_LENGTH__)?__FUSE_REGION_LENGTH__:0x400
                0x00000400                __LOCK_REGION_LENGTH__ = DEFINED (__LOCK_REGION_LENGTH__)?__LOCK_REGION_LENGTH__:0x400
                0x00000400                __SIGNATURE_REGION_LENGTH__ = DEFINED (__SIGNATURE_REGION_LENGTH__)?__SIGNATURE_REGION_LENGTH__:0x400
                0x00000400                __USER_SIGNATURE_REGION_LENGTH__ = DEFINED (__USER_SIGNATURE_REGION_LENGTH__)?__USER_SIGNATURE_REGION_LENGTH__:0x400

.hash
 *(.hash)

.dynsym
 *(.dynsym)

.dynstr
 *(.dynstr)

.gnu.version
 *(.gnu.version)

.gnu.version_d
 *(.gnu.version_d)

.gnu.version_r
 *(.gnu.version_r)

.rel.init
 *(.rel.init)

.rela.init
 *(.rela.init)

.rel.text
 *(.rel.text)
 *(.rel.text.*)
 *(.rel.gnu.linkonce.t*)

.rela.text
 *(.rela.text)
 *(.rela.text.*)
 *(.rela.gnu.linkonce.t*)

.rel.fini
 *(.rel.fini)

.rela.fini
 *(.rela.fini)

.rel.rodata
 *(.rel.rodata)
 *(.rel.rodata.*)
 *(.rel.gnu.linkonce.r*)

.rela.rodata
 *(.rela.rodata)
 *(.rela.rodata.*)
 *(.rela.gnu.linkonce.r*)

.rel.data
 *(.rel.data)
 *(.rel.data.*)
 *(.rel.gnu.linkonce.d*)

.rela.data
 *(.rela.data)
 *(.rela.data.*)
 *(.rela.gnu.linkonce.d*)

.rel.ctors
 *(.rel.ctors)

.rela.ctors
 *(.rela.ctors)

.rel.dtors
 *(.rel.dtors)

.rela.dtors
 *(.rela.dtors)

.rel.got
 *(.rel.got)

.rela.got
 *(.rela.got)

.rel.bss
 *(.rel.bss)

.rela.bss
 *(.rela.bss)

.rel.plt
 *(.rel.plt)

.rela.plt
 *(.rela.plt)

.text           0x00000000     0x34fe
 *(.vectors)
 .vectors       0x00000000       0x68 C:/Program Files (x86)/Atmel/Studio/7.0/Packs/atmel/ATmega_DFP/1.2.150/gcc/dev/atmega328p/avr5/crtatmega328p.o
                0x00000000                __vector_default
                0x00000000                __vectors
 *(.vectors)
 *(.progmem.gcc*)
 .progmem.gcc_sw_table._ZN7MCP_CAN18mcp2515_configRateEhh
                0x00000068       0x48 C:\Users\FUJITSU\DOCUME~1\ATMELS~1\7.0\HAIROB~1\HAIROB~1\ARDUIN~1\Debug\libArduinoCore.a(mcp_can.o)
                0x000000b0                . = ALIGN (0x2)
                0x000000b0                __trampolines_start = .
 *(.trampolines)
 .trampolines   0x000000b0        0x0 linker stubs
 *(.trampolines*)
                0x000000b0                __trampolines_end = .
 *libprintf_flt.a:*(.progmem.data)
 *libc.a:*(.progmem.data)
 *(.progmem*)
 .progmem.data._ZZN16ControllerCircit5WriteEvE3__c_0
                0x000000b0        0x2 Sketch.o
 .progmem.data._ZZN16ControllerCircit5WriteEvE3__c
                0x000000b2        0x2 Sketch.o
 .progmem.data._ZL11PS3_BUTTONS
                0x000000b4       0x4c C:\Users\FUJITSU\DOCUME~1\ATMELS~1\7.0\HAIROB~1\HAIROB~1\ARDUIN~1\Debug\libArduinoCore.a(PS3USB.o)
 .progmem.data._ZL8PS3_LEDS
                0x00000100        0xb C:\Users\FUJITSU\DOCUME~1\ATMELS~1\7.0\HAIROB~1\HAIROB~1\ARDUIN~1\Debug\libArduinoCore.a(PS3USB.o)
 .progmem.data._ZL17PS3_REPORT_BUFFER
                0x0000010b       0x30 C:\Users\FUJITSU\DOCUME~1\ATMELS~1\7.0\HAIROB~1\HAIROB~1\ARDUIN~1\Debug\libArduinoCore.a(PS3USB.o)
 .progmem.data.digital_pin_to_timer_PGM
                0x0000013b       0x14 C:\Users\FUJITSU\DOCUME~1\ATMELS~1\7.0\HAIROB~1\HAIROB~1\ARDUIN~1\Debug\libArduinoCore.a(wiring_digital.o)
                0x0000013b                digital_pin_to_timer_PGM
 .progmem.data.digital_pin_to_bit_mask_PGM
                0x0000014f       0x14 C:\Users\FUJITSU\DOCUME~1\ATMELS~1\7.0\HAIROB~1\HAIROB~1\ARDUIN~1\Debug\libArduinoCore.a(wiring_digital.o)
                0x0000014f                digital_pin_to_bit_mask_PGM
 .progmem.data.digital_pin_to_port_PGM
                0x00000163       0x14 C:\Users\FUJITSU\DOCUME~1\ATMELS~1\7.0\HAIROB~1\HAIROB~1\ARDUIN~1\Debug\libArduinoCore.a(wiring_digital.o)
                0x00000163                digital_pin_to_port_PGM
 .progmem.data.port_to_output_PGM
                0x00000177        0xa C:\Users\FUJITSU\DOCUME~1\ATMELS~1\7.0\HAIROB~1\HAIROB~1\ARDUIN~1\Debug\libArduinoCore.a(wiring_digital.o)
                0x00000177                port_to_output_PGM
 .progmem.data.port_to_mode_PGM
                0x00000181        0xa C:\Users\FUJITSU\DOCUME~1\ATMELS~1\7.0\HAIROB~1\HAIROB~1\ARDUIN~1\Debug\libArduinoCore.a(wiring_digital.o)
                0x00000181                port_to_mode_PGM
                0x0000018c                . = ALIGN (0x2)
 *fill*         0x0000018b        0x1 
 *(.jumptables)
 *(.jumptables*)
 *(.lowtext)
 *(.lowtext*)
                0x0000018c                __ctors_start = .
 *(.ctors)
 .ctors         0x0000018c        0x2 Sketch.o
 .ctors         0x0000018e        0x2 C:\Users\FUJITSU\DOCUME~1\ATMELS~1\7.0\HAIROB~1\HAIROB~1\ARDUIN~1\Debug\libArduinoCore.a(HardwareSerial0.o)
                0x00000190                __ctors_end = .
                0x00000190                __dtors_start = .
 *(.dtors)
                0x00000190                __dtors_end = .
 SORT(*)(.ctors)
 SORT(*)(.dtors)
 *(.init0)
 .init0         0x00000190        0x0 C:/Program Files (x86)/Atmel/Studio/7.0/Packs/atmel/ATmega_DFP/1.2.150/gcc/dev/atmega328p/avr5/crtatmega328p.o
                0x00000190                __init
 *(.init0)
 *(.init1)
 *(.init1)
 *(.init2)
 .init2         0x00000190        0xc C:/Program Files (x86)/Atmel/Studio/7.0/Packs/atmel/ATmega_DFP/1.2.150/gcc/dev/atmega328p/avr5/crtatmega328p.o
 *(.init2)
 *(.init3)
 *(.init3)
 *(.init4)
 .init4         0x0000019c       0x16 c:/program files (x86)/atmel/studio/7.0/toolchain/avr8/avr8-gnu-toolchain/bin/../lib/gcc/avr/5.4.0/avr5\libgcc.a(_copy_data.o)
                0x0000019c                __do_copy_data
 .init4         0x000001b2       0x10 c:/program files (x86)/atmel/studio/7.0/toolchain/avr8/avr8-gnu-toolchain/bin/../lib/gcc/avr/5.4.0/avr5\libgcc.a(_clear_bss.o)
                0x000001b2                __do_clear_bss
 *(.init4)
 *(.init5)
 *(.init5)
 *(.init6)
 .init6         0x000001c2       0x16 c:/program files (x86)/atmel/studio/7.0/toolchain/avr8/avr8-gnu-toolchain/bin/../lib/gcc/avr/5.4.0/avr5\libgcc.a(_ctors.o)
                0x000001c2                __do_global_ctors
 *(.init6)
 *(.init7)
 *(.init7)
 *(.init8)
 *(.init8)
 *(.init9)
 .init9         0x000001d8        0x8 C:/Program Files (x86)/Atmel/Studio/7.0/Packs/atmel/ATmega_DFP/1.2.150/gcc/dev/atmega328p/avr5/crtatmega328p.o
 *(.init9)
 *(.text)
 .text          0x000001e0        0x4 C:/Program Files (x86)/Atmel/Studio/7.0/Packs/atmel/ATmega_DFP/1.2.150/gcc/dev/atmega328p/avr5/crtatmega328p.o
                0x000001e0                __vector_22
                0x000001e0                __vector_1
                0x000001e0                __vector_24
                0x000001e0                __vector_12
                0x000001e0                __bad_interrupt
                0x000001e0                __vector_6
                0x000001e0                __vector_3
                0x000001e0                __vector_23
                0x000001e0                __vector_25
                0x000001e0                __vector_11
                0x000001e0                __vector_13
                0x000001e0                __vector_17
                0x000001e0                __vector_7
                0x000001e0                __vector_5
                0x000001e0                __vector_4
                0x000001e0                __vector_9
                0x000001e0                __vector_2
                0x000001e0                __vector_21
                0x000001e0                __vector_15
                0x000001e0                __vector_8
                0x000001e0                __vector_14
                0x000001e0                __vector_10
                0x000001e0                __vector_20
                0x000001e4                . = ALIGN (0x2)
 *(.text.*)
 .text._ZN8SPIClass14endTransactionEv.part.1
                0x000001e4       0x1a Sketch.o
 .text._ZN8SPIClass16beginTransactionE11SPISettings
                0x000001fe       0x34 Sketch.o
                0x000001fe                _ZN8SPIClass16beginTransactionE11SPISettings
 .text._Z16PrintHexadecimallj
                0x00000232       0xda Sketch.o
                0x00000232                _Z16PrintHexadecimallj
 .text._ZN16ControllerCircitC2Ev
                0x0000030c       0x66 Sketch.o
                0x0000030c                _ZN16ControllerCircitC1Ev
                0x0000030c                _ZN16ControllerCircitC2Ev
 .text._ZN16ControllerCircit7ConvertEv
                0x00000372      0x1ac Sketch.o
                0x00000372                _ZN16ControllerCircit7ConvertEv
 .text._ZN16ControllerCircit5WriteEv
                0x0000051e       0xa0 Sketch.o
                0x0000051e                _ZN16ControllerCircit5WriteEv
 .text.loop     0x000005be       0x18 Sketch.o
                0x000005be                loop
 .text._ZN4TPinI5PortbLh2EE3SetEv
                0x000005d6        0x4 Sketch.o
                0x000005d6                _ZN4TPinI5PortbLh2EE3SetEv
 .text._ZN8MAX3421eI4TPinI5PortbLh2EES0_IS1_Lh1EEE5regRdEh.isra.3
                0x000005da       0x3a Sketch.o
 .text._ZN8MAX3421eI4TPinI5PortbLh2EES0_IS1_Lh1EEE5regWrEhh.isra.4
                0x00000614       0x42 Sketch.o
 .text._ZN8MAX3421eI4TPinI5PortbLh2EES0_IS1_Lh1EEE8busprobeEv
                0x00000656       0x60 Sketch.o
                0x00000656                _ZN8MAX3421eI4TPinI5PortbLh2EES0_IS1_Lh1EEE8busprobeEv
 .text._ZN8MAX3421eI4TPinI5PortbLh2EES0_IS1_Lh1EEE4InitEv
                0x000006b6       0x94 Sketch.o
                0x000006b6                _ZN8MAX3421eI4TPinI5PortbLh2EES0_IS1_Lh1EEE4InitEv
 .text._ZN16ControllerCircit10InitializeEv
                0x0000074a       0xda Sketch.o
                0x0000074a                _ZN16ControllerCircit10InitializeEv
 .text.setup    0x00000824        0x8 Sketch.o
                0x00000824                setup
 .text.startup._GLOBAL__sub_I__Z16PrintHexadecimallj
                0x0000082c        0x8 Sketch.o
 .text._ZN14HardwareSerial9availableEv
                0x00000834       0x18 C:\Users\FUJITSU\DOCUME~1\ATMELS~1\7.0\HAIROB~1\HAIROB~1\ARDUIN~1\Debug\libArduinoCore.a(HardwareSerial.o)
                0x00000834                _ZN14HardwareSerial9availableEv
 .text._ZN14HardwareSerial4peekEv
                0x0000084c       0x1c C:\Users\FUJITSU\DOCUME~1\ATMELS~1\7.0\HAIROB~1\HAIROB~1\ARDUIN~1\Debug\libArduinoCore.a(HardwareSerial.o)
                0x0000084c                _ZN14HardwareSerial4peekEv
 .text._ZN14HardwareSerial4readEv
                0x00000868       0x28 C:\Users\FUJITSU\DOCUME~1\ATMELS~1\7.0\HAIROB~1\HAIROB~1\ARDUIN~1\Debug\libArduinoCore.a(HardwareSerial.o)
                0x00000868                _ZN14HardwareSerial4readEv
 .text._Z14serialEventRunv
                0x00000890       0x1c C:\Users\FUJITSU\DOCUME~1\ATMELS~1\7.0\HAIROB~1\HAIROB~1\ARDUIN~1\Debug\libArduinoCore.a(HardwareSerial.o)
                0x00000890                _Z14serialEventRunv
 .text._ZN14HardwareSerial17_tx_udr_empty_irqEv
                0x000008ac       0x42 C:\Users\FUJITSU\DOCUME~1\ATMELS~1\7.0\HAIROB~1\HAIROB~1\ARDUIN~1\Debug\libArduinoCore.a(HardwareSerial.o)
                0x000008ac                _ZN14HardwareSerial17_tx_udr_empty_irqEv
 .text._ZN14HardwareSerial5writeEh
                0x000008ee       0x8e C:\Users\FUJITSU\DOCUME~1\ATMELS~1\7.0\HAIROB~1\HAIROB~1\ARDUIN~1\Debug\libArduinoCore.a(HardwareSerial.o)
                0x000008ee                _ZN14HardwareSerial5writeEh
 .text._ZN14HardwareSerial5flushEv
                0x0000097c       0x44 C:\Users\FUJITSU\DOCUME~1\ATMELS~1\7.0\HAIROB~1\HAIROB~1\ARDUIN~1\Debug\libArduinoCore.a(HardwareSerial.o)
                0x0000097c                _ZN14HardwareSerial5flushEv
 .text._ZN14HardwareSerial5beginEmh
                0x000009c0       0xca C:\Users\FUJITSU\DOCUME~1\ATMELS~1\7.0\HAIROB~1\HAIROB~1\ARDUIN~1\Debug\libArduinoCore.a(HardwareSerial.o)
                0x000009c0                _ZN14HardwareSerial5beginEmh
 .text.__vector_18
                0x00000a8a       0x64 C:\Users\FUJITSU\DOCUME~1\ATMELS~1\7.0\HAIROB~1\HAIROB~1\ARDUIN~1\Debug\libArduinoCore.a(HardwareSerial0.o)
                0x00000a8a                __vector_18
 .text.__vector_19
                0x00000aee       0x4c C:\Users\FUJITSU\DOCUME~1\ATMELS~1\7.0\HAIROB~1\HAIROB~1\ARDUIN~1\Debug\libArduinoCore.a(HardwareSerial0.o)
                0x00000aee                __vector_19
 .text._Z17Serial0_availablev
                0x00000b3a       0x14 C:\Users\FUJITSU\DOCUME~1\ATMELS~1\7.0\HAIROB~1\HAIROB~1\ARDUIN~1\Debug\libArduinoCore.a(HardwareSerial0.o)
                0x00000b3a                _Z17Serial0_availablev
 .text.startup._GLOBAL__sub_I___vector_18
                0x00000b4e       0x5a C:\Users\FUJITSU\DOCUME~1\ATMELS~1\7.0\HAIROB~1\HAIROB~1\ARDUIN~1\Debug\libArduinoCore.a(HardwareSerial0.o)
 .text.initVariant
                0x00000ba8        0x2 C:\Users\FUJITSU\DOCUME~1\ATMELS~1\7.0\HAIROB~1\HAIROB~1\ARDUIN~1\Debug\libArduinoCore.a(main.o)
                0x00000ba8                initVariant
 .text.startup.main
                0x00000baa       0x1e C:\Users\FUJITSU\DOCUME~1\ATMELS~1\7.0\HAIROB~1\HAIROB~1\ARDUIN~1\Debug\libArduinoCore.a(main.o)
                0x00000baa                main
 .text._Znaj    0x00000bc8        0x4 C:\Users\FUJITSU\DOCUME~1\ATMELS~1\7.0\HAIROB~1\HAIROB~1\ARDUIN~1\Debug\libArduinoCore.a(new.o)
                0x00000bc8                _Znaj
 .text._ZdlPv   0x00000bcc        0x4 C:\Users\FUJITSU\DOCUME~1\ATMELS~1\7.0\HAIROB~1\HAIROB~1\ARDUIN~1\Debug\libArduinoCore.a(new.o)
                0x00000bcc                _ZdlPv
 .text._ZN5Print5writeEPKhj
                0x00000bd0       0x54 C:\Users\FUJITSU\DOCUME~1\ATMELS~1\7.0\HAIROB~1\HAIROB~1\ARDUIN~1\Debug\libArduinoCore.a(Print.o)
                0x00000bd0                _ZN5Print5writeEPKhj
 .text._ZN5Print5writeEPKc
                0x00000c24       0x2a C:\Users\FUJITSU\DOCUME~1\ATMELS~1\7.0\HAIROB~1\HAIROB~1\ARDUIN~1\Debug\libArduinoCore.a(Print.o)
                0x00000c24                _ZN5Print5writeEPKc
 .text._ZN5Print5printEPK19__FlashStringHelper
                0x00000c4e       0x48 C:\Users\FUJITSU\DOCUME~1\ATMELS~1\7.0\HAIROB~1\HAIROB~1\ARDUIN~1\Debug\libArduinoCore.a(Print.o)
                0x00000c4e                _ZN5Print5printEPK19__FlashStringHelper
 .text._ZN5Print5printEPKc
                0x00000c96        0x4 C:\Users\FUJITSU\DOCUME~1\ATMELS~1\7.0\HAIROB~1\HAIROB~1\ARDUIN~1\Debug\libArduinoCore.a(Print.o)
                0x00000c96                _ZN5Print5printEPKc
 .text._ZN5Print7printlnEv
                0x00000c9a        0x8 C:\Users\FUJITSU\DOCUME~1\ATMELS~1\7.0\HAIROB~1\HAIROB~1\ARDUIN~1\Debug\libArduinoCore.a(Print.o)
                0x00000c9a                _ZN5Print7printlnEv
 .text._ZN5Print7printlnEPKc
                0x00000ca2       0x24 C:\Users\FUJITSU\DOCUME~1\ATMELS~1\7.0\HAIROB~1\HAIROB~1\ARDUIN~1\Debug\libArduinoCore.a(Print.o)
                0x00000ca2                _ZN5Print7printlnEPKc
 .text.__vector_16
                0x00000cc6       0x94 C:\Users\FUJITSU\DOCUME~1\ATMELS~1\7.0\HAIROB~1\HAIROB~1\ARDUIN~1\Debug\libArduinoCore.a(wiring.o)
                0x00000cc6                __vector_16
 .text.millis   0x00000d5a       0x18 C:\Users\FUJITSU\DOCUME~1\ATMELS~1\7.0\HAIROB~1\HAIROB~1\ARDUIN~1\Debug\libArduinoCore.a(wiring.o)
                0x00000d5a                millis
 .text.micros   0x00000d72       0x4a C:\Users\FUJITSU\DOCUME~1\ATMELS~1\7.0\HAIROB~1\HAIROB~1\ARDUIN~1\Debug\libArduinoCore.a(wiring.o)
                0x00000d72                micros
 .text.delay    0x00000dbc       0x78 C:\Users\FUJITSU\DOCUME~1\ATMELS~1\7.0\HAIROB~1\HAIROB~1\ARDUIN~1\Debug\libArduinoCore.a(wiring.o)
                0x00000dbc                delay
 .text.delayMicroseconds
                0x00000e34       0x16 C:\Users\FUJITSU\DOCUME~1\ATMELS~1\7.0\HAIROB~1\HAIROB~1\ARDUIN~1\Debug\libArduinoCore.a(wiring.o)
                0x00000e34                delayMicroseconds
 .text.init     0x00000e4a       0x76 C:\Users\FUJITSU\DOCUME~1\ATMELS~1\7.0\HAIROB~1\HAIROB~1\ARDUIN~1\Debug\libArduinoCore.a(wiring.o)
                0x00000e4a                init
 .text._ZN8SPIClass8transferEh
                0x00000ec0        0xe C:\Users\FUJITSU\DOCUME~1\ATMELS~1\7.0\HAIROB~1\HAIROB~1\ARDUIN~1\Debug\libArduinoCore.a(mcp_can.o)
                0x00000ec0                _ZN8SPIClass8transferEh
 .text._ZN8SPIClass14endTransactionEv
                0x00000ece       0x22 C:\Users\FUJITSU\DOCUME~1\ATMELS~1\7.0\HAIROB~1\HAIROB~1\ARDUIN~1\Debug\libArduinoCore.a(mcp_can.o)
                0x00000ece                _ZN8SPIClass14endTransactionEv
 .text._Z11txSidhToRTSh
                0x00000ef0       0x1c C:\Users\FUJITSU\DOCUME~1\ATMELS~1\7.0\HAIROB~1\HAIROB~1\ARDUIN~1\Debug\libArduinoCore.a(mcp_can.o)
                0x00000ef0                _Z11txSidhToRTSh
 .text._Z14txSidhToTxLoadh
                0x00000f0c       0x1c C:\Users\FUJITSU\DOCUME~1\ATMELS~1\7.0\HAIROB~1\HAIROB~1\ARDUIN~1\Debug\libArduinoCore.a(mcp_can.o)
                0x00000f0c                _Z14txSidhToTxLoadh
 .text._ZN7MCP_CAN13mcp2515_resetEv
                0x00000f28       0x38 C:\Users\FUJITSU\DOCUME~1\ATMELS~1\7.0\HAIROB~1\HAIROB~1\ARDUIN~1\Debug\libArduinoCore.a(mcp_can.o)
                0x00000f28                _ZN7MCP_CAN13mcp2515_resetEv
 .text._ZN7MCP_CAN20mcp2515_readRegisterEh
                0x00000f60       0x44 C:\Users\FUJITSU\DOCUME~1\ATMELS~1\7.0\HAIROB~1\HAIROB~1\ARDUIN~1\Debug\libArduinoCore.a(mcp_can.o)
                0x00000f60                _ZN7MCP_CAN20mcp2515_readRegisterEh
 .text._ZN7MCP_CAN19mcp2515_setRegisterEhh
                0x00000fa4       0x44 C:\Users\FUJITSU\DOCUME~1\ATMELS~1\7.0\HAIROB~1\HAIROB~1\ARDUIN~1\Debug\libArduinoCore.a(mcp_can.o)
                0x00000fa4                _ZN7MCP_CAN19mcp2515_setRegisterEhh
 .text._ZN7MCP_CAN22mcp2515_modifyRegisterEhhh
                0x00000fe8       0x50 C:\Users\FUJITSU\DOCUME~1\ATMELS~1\7.0\HAIROB~1\HAIROB~1\ARDUIN~1\Debug\libArduinoCore.a(mcp_can.o)
                0x00000fe8                _ZN7MCP_CAN22mcp2515_modifyRegisterEhhh
 .text._ZN7MCP_CAN18mcp2515_readStatusEv
                0x00001038       0x3c C:\Users\FUJITSU\DOCUME~1\ATMELS~1\7.0\HAIROB~1\HAIROB~1\ARDUIN~1\Debug\libArduinoCore.a(mcp_can.o)
                0x00001038                _ZN7MCP_CAN18mcp2515_readStatusEv
 .text._ZN7MCP_CAN23mcp2515_setCANCTRL_ModeEh
                0x00001074       0x30 C:\Users\FUJITSU\DOCUME~1\ATMELS~1\7.0\HAIROB~1\HAIROB~1\ARDUIN~1\Debug\libArduinoCore.a(mcp_can.o)
                0x00001074                _ZN7MCP_CAN23mcp2515_setCANCTRL_ModeEh
 .text._ZN7MCP_CAN18mcp2515_configRateEhh
                0x000010a4      0x138 C:\Users\FUJITSU\DOCUME~1\ATMELS~1\7.0\HAIROB~1\HAIROB~1\ARDUIN~1\Debug\libArduinoCore.a(mcp_can.o)
                0x000010a4                _ZN7MCP_CAN18mcp2515_configRateEhh
 .text._ZN7MCP_CAN22mcp2515_initCANBuffersEv
                0x000011dc       0x4c C:\Users\FUJITSU\DOCUME~1\ATMELS~1\7.0\HAIROB~1\HAIROB~1\ARDUIN~1\Debug\libArduinoCore.a(mcp_can.o)
                0x000011dc                _ZN7MCP_CAN22mcp2515_initCANBuffersEv
 .text._ZN7MCP_CAN12mcp2515_initEhh
                0x00001228       0xaa C:\Users\FUJITSU\DOCUME~1\ATMELS~1\7.0\HAIROB~1\HAIROB~1\ARDUIN~1\Debug\libArduinoCore.a(mcp_can.o)
                0x00001228                _ZN7MCP_CAN12mcp2515_initEhh
 .text._Z17mcp2515_id_to_bufhmPh
                0x000012d2       0x4e C:\Users\FUJITSU\DOCUME~1\ATMELS~1\7.0\HAIROB~1\HAIROB~1\ARDUIN~1\Debug\libArduinoCore.a(mcp_can.o)
                0x000012d2                _Z17mcp2515_id_to_bufhmPh
 .text._ZN7MCP_CAN22mcp2515_start_transmitEh
                0x00001320       0x36 C:\Users\FUJITSU\DOCUME~1\ATMELS~1\7.0\HAIROB~1\HAIROB~1\ARDUIN~1\Debug\libArduinoCore.a(mcp_can.o)
                0x00001320                _ZN7MCP_CAN22mcp2515_start_transmitEh
 .text._ZN7MCP_CAN20mcp2515_write_canMsgEhmhhhPVKh
                0x00001356       0xec C:\Users\FUJITSU\DOCUME~1\ATMELS~1\7.0\HAIROB~1\HAIROB~1\ARDUIN~1\Debug\libArduinoCore.a(mcp_can.o)
                0x00001356                _ZN7MCP_CAN20mcp2515_write_canMsgEhmhhhPVKh
 .text._ZN7MCP_CAN24mcp2515_getNextFreeTXBufEPh
                0x00001442       0x90 C:\Users\FUJITSU\DOCUME~1\ATMELS~1\7.0\HAIROB~1\HAIROB~1\ARDUIN~1\Debug\libArduinoCore.a(mcp_can.o)
                0x00001442                _ZN7MCP_CAN24mcp2515_getNextFreeTXBufEPh
 .text._ZN7MCP_CAN7init_CSEh
                0x000014d2       0x26 C:\Users\FUJITSU\DOCUME~1\ATMELS~1\7.0\HAIROB~1\HAIROB~1\ARDUIN~1\Debug\libArduinoCore.a(mcp_can.o)
                0x000014d2                _ZN7MCP_CAN7init_CSEh
 .text._ZN7MCP_CANC2Eh
                0x000014f8       0x10 C:\Users\FUJITSU\DOCUME~1\ATMELS~1\7.0\HAIROB~1\HAIROB~1\ARDUIN~1\Debug\libArduinoCore.a(mcp_can.o)
                0x000014f8                _ZN7MCP_CANC2Eh
                0x000014f8                _ZN7MCP_CANC1Eh
 .text._ZN7MCP_CAN5beginEhh
                0x00001508       0x30 C:\Users\FUJITSU\DOCUME~1\ATMELS~1\7.0\HAIROB~1\HAIROB~1\ARDUIN~1\Debug\libArduinoCore.a(mcp_can.o)
                0x00001508                _ZN7MCP_CAN5beginEhh
 .text._ZN7MCP_CAN7sendMsgEmhhhPKhb
                0x00001538       0xe8 C:\Users\FUJITSU\DOCUME~1\ATMELS~1\7.0\HAIROB~1\HAIROB~1\ARDUIN~1\Debug\libArduinoCore.a(mcp_can.o)
                0x00001538                _ZN7MCP_CAN7sendMsgEmhhhPKhb
 .text._ZN7MCP_CAN10sendMsgBufEmhhPKhb
                0x00001620       0x26 C:\Users\FUJITSU\DOCUME~1\ATMELS~1\7.0\HAIROB~1\HAIROB~1\ARDUIN~1\Debug\libArduinoCore.a(mcp_can.o)
                0x00001620                _ZN7MCP_CAN10sendMsgBufEmhhPKhb
 .text._ZN8SPIClass5beginEv
                0x00001646       0x6c C:\Users\FUJITSU\DOCUME~1\ATMELS~1\7.0\HAIROB~1\HAIROB~1\ARDUIN~1\Debug\libArduinoCore.a(SPI.o)
                0x00001646                _ZN8SPIClass5beginEv
 .text._ZN15USBDeviceConfig15ConfigureDeviceEhhb
                0x000016b2        0x4 C:\Users\FUJITSU\DOCUME~1\ATMELS~1\7.0\HAIROB~1\HAIROB~1\ARDUIN~1\Debug\libArduinoCore.a(PS3USB.o)
                0x000016b2                _ZN15USBDeviceConfig15ConfigureDeviceEhhb
 .text._ZN15USBDeviceConfig12ResetHubPortEh
                0x000016b6        0x2 C:\Users\FUJITSU\DOCUME~1\ATMELS~1\7.0\HAIROB~1\HAIROB~1\ARDUIN~1\Debug\libArduinoCore.a(PS3USB.o)
                0x000016b6                _ZN15USBDeviceConfig12ResetHubPortEh
 .text._ZN15USBDeviceConfig10DEVCLASSOKEh
                0x000016b8        0x4 C:\Users\FUJITSU\DOCUME~1\ATMELS~1\7.0\HAIROB~1\HAIROB~1\ARDUIN~1\Debug\libArduinoCore.a(PS3USB.o)
                0x000016b8                _ZN15USBDeviceConfig10DEVCLASSOKEh
 .text._ZN15USBDeviceConfig13DEVSUBCLASSOKEh
                0x000016bc        0x4 C:\Users\FUJITSU\DOCUME~1\ATMELS~1\7.0\HAIROB~1\HAIROB~1\ARDUIN~1\Debug\libArduinoCore.a(PS3USB.o)
                0x000016bc                _ZN15USBDeviceConfig13DEVSUBCLASSOKEh
 .text._ZN6PS3USB10GetAddressEv
                0x000016c0        0x6 C:\Users\FUJITSU\DOCUME~1\ATMELS~1\7.0\HAIROB~1\HAIROB~1\ARDUIN~1\Debug\libArduinoCore.a(PS3USB.o)
                0x000016c0                _ZN6PS3USB10GetAddressEv
 .text._ZN6PS3USB7isReadyEv
                0x000016c6        0x6 C:\Users\FUJITSU\DOCUME~1\ATMELS~1\7.0\HAIROB~1\HAIROB~1\ARDUIN~1\Debug\libArduinoCore.a(PS3USB.o)
                0x000016c6                _ZN6PS3USB7isReadyEv
 .text._ZN6PS3USB8VIDPIDOKEjj
                0x000016cc       0x26 C:\Users\FUJITSU\DOCUME~1\ATMELS~1\7.0\HAIROB~1\HAIROB~1\ARDUIN~1\Debug\libArduinoCore.a(PS3USB.o)
                0x000016cc                _ZN6PS3USB8VIDPIDOKEjj
 .text._ZN6PS3USB7ReleaseEv
                0x000016f2       0x2c C:\Users\FUJITSU\DOCUME~1\ATMELS~1\7.0\HAIROB~1\HAIROB~1\ARDUIN~1\Debug\libArduinoCore.a(PS3USB.o)
                0x000016f2                _ZN6PS3USB7ReleaseEv
 .text._ZN6PS3USBC2EP3USBhhhhhh
                0x0000171e       0x82 C:\Users\FUJITSU\DOCUME~1\ATMELS~1\7.0\HAIROB~1\HAIROB~1\ARDUIN~1\Debug\libArduinoCore.a(PS3USB.o)
                0x0000171e                _ZN6PS3USBC2EP3USBhhhhhh
                0x0000171e                _ZN6PS3USBC1EP3USBhhhhhh
 .text._ZN6PS3USB10readReportEv
                0x000017a0       0x4a C:\Users\FUJITSU\DOCUME~1\ATMELS~1\7.0\HAIROB~1\HAIROB~1\ARDUIN~1\Debug\libArduinoCore.a(PS3USB.o)
                0x000017a0                _ZN6PS3USB10readReportEv
 .text._ZN6PS3USB14getButtonPressE10ButtonEnum
                0x000017ea       0x34 C:\Users\FUJITSU\DOCUME~1\ATMELS~1\7.0\HAIROB~1\HAIROB~1\ARDUIN~1\Debug\libArduinoCore.a(PS3USB.o)
                0x000017ea                _ZN6PS3USB14getButtonPressE10ButtonEnum
 .text._ZN6PS3USB12getAnalogHatE13AnalogHatEnum
                0x0000181e        0xa C:\Users\FUJITSU\DOCUME~1\ATMELS~1\7.0\HAIROB~1\HAIROB~1\ARDUIN~1\Debug\libArduinoCore.a(PS3USB.o)
                0x0000181e                _ZN6PS3USB12getAnalogHatE13AnalogHatEnum
 .text._ZN6PS3USB11PS3_CommandEPhj
                0x00001828       0x56 C:\Users\FUJITSU\DOCUME~1\ATMELS~1\7.0\HAIROB~1\HAIROB~1\ARDUIN~1\Debug\libArduinoCore.a(PS3USB.o)
                0x00001828                _ZN6PS3USB11PS3_CommandEPhj
 .text._ZN6PS3USB9setBdaddrEPh
                0x0000187e       0xaa C:\Users\FUJITSU\DOCUME~1\ATMELS~1\7.0\HAIROB~1\HAIROB~1\ARDUIN~1\Debug\libArduinoCore.a(PS3USB.o)
                0x0000187e                _ZN6PS3USB9setBdaddrEPh
 .text._ZN6PS3USB14enable_sixaxisEv
                0x00001928       0x84 C:\Users\FUJITSU\DOCUME~1\ATMELS~1\7.0\HAIROB~1\HAIROB~1\ARDUIN~1\Debug\libArduinoCore.a(PS3USB.o)
                0x00001928                _ZN6PS3USB14enable_sixaxisEv
 .text._ZN6PS3USB12Move_CommandEPhj
                0x000019ac       0x1c C:\Users\FUJITSU\DOCUME~1\ATMELS~1\7.0\HAIROB~1\HAIROB~1\ARDUIN~1\Debug\libArduinoCore.a(PS3USB.o)
                0x000019ac                _ZN6PS3USB12Move_CommandEPhj
 .text._ZN6PS3USB4PollEv
                0x000019c8       0xda C:\Users\FUJITSU\DOCUME~1\ATMELS~1\7.0\HAIROB~1\HAIROB~1\ARDUIN~1\Debug\libArduinoCore.a(PS3USB.o)
                0x000019c8                _ZN6PS3USB4PollEv
 .text._ZN6PS3USB11moveSetBulbEhhh
                0x00001aa2       0x1e C:\Users\FUJITSU\DOCUME~1\ATMELS~1\7.0\HAIROB~1\HAIROB~1\ARDUIN~1\Debug\libArduinoCore.a(PS3USB.o)
                0x00001aa2                _ZN6PS3USB11moveSetBulbEhhh
 .text._ZN6PS3USB11moveSetBulbE10ColorsEnum
                0x00001ac0       0x3e C:\Users\FUJITSU\DOCUME~1\ATMELS~1\7.0\HAIROB~1\HAIROB~1\ARDUIN~1\Debug\libArduinoCore.a(PS3USB.o)
                0x00001ac0                _ZN6PS3USB11moveSetBulbE10ColorsEnum
 .text._ZN6PS3USB13setMoveBdaddrEPh
                0x00001afe       0xc6 C:\Users\FUJITSU\DOCUME~1\ATMELS~1\7.0\HAIROB~1\HAIROB~1\ARDUIN~1\Debug\libArduinoCore.a(PS3USB.o)
                0x00001afe                _ZN6PS3USB13setMoveBdaddrEPh
 .text._ZN6PS3USB6onInitEv
                0x00001bc4       0x48 C:\Users\FUJITSU\DOCUME~1\ATMELS~1\7.0\HAIROB~1\HAIROB~1\ARDUIN~1\Debug\libArduinoCore.a(PS3USB.o)
                0x00001bc4                _ZN6PS3USB6onInitEv
 .text._ZN6PS3USB4InitEhhb
                0x00001c0c      0x2f4 C:\Users\FUJITSU\DOCUME~1\ATMELS~1\7.0\HAIROB~1\HAIROB~1\ARDUIN~1\Debug\libArduinoCore.a(PS3USB.o)
                0x00001c0c                _ZN6PS3USB4InitEhhb
 .text._ZN15AddressPoolImplILh16EE12AllocAddressEhbh
                0x00001f00       0xb2 C:\Users\FUJITSU\DOCUME~1\ATMELS~1\7.0\HAIROB~1\HAIROB~1\ARDUIN~1\Debug\libArduinoCore.a(Usb.o)
                0x00001f00                _ZN15AddressPoolImplILh16EE12AllocAddressEhbh
 .text._ZN8SPIClass8transferEPvj.part.0
                0x00001fb2       0x34 C:\Users\FUJITSU\DOCUME~1\ATMELS~1\7.0\HAIROB~1\HAIROB~1\ARDUIN~1\Debug\libArduinoCore.a(Usb.o)
 .text._ZN15AddressPoolImplILh16EE15GetUsbDevicePtrEh
                0x00001fe6       0x2e C:\Users\FUJITSU\DOCUME~1\ATMELS~1\7.0\HAIROB~1\HAIROB~1\ARDUIN~1\Debug\libArduinoCore.a(Usb.o)
                0x00001fe6                _ZN15AddressPoolImplILh16EE15GetUsbDevicePtrEh
 .text._ZN15AddressPoolImplILh16EE18FreeAddressByIndexEh.part.10.constprop.13
                0x00002014       0x92 C:\Users\FUJITSU\DOCUME~1\ATMELS~1\7.0\HAIROB~1\HAIROB~1\ARDUIN~1\Debug\libArduinoCore.a(Usb.o)
 .text._ZN15AddressPoolImplILh16EE11FreeAddressEh
                0x000020a6       0x44 C:\Users\FUJITSU\DOCUME~1\ATMELS~1\7.0\HAIROB~1\HAIROB~1\ARDUIN~1\Debug\libArduinoCore.a(Usb.o)
                0x000020a6                _ZN15AddressPoolImplILh16EE11FreeAddressEh
 .text._ZN3USBC2Ev
                0x000020ea       0x60 C:\Users\FUJITSU\DOCUME~1\ATMELS~1\7.0\HAIROB~1\HAIROB~1\ARDUIN~1\Debug\libArduinoCore.a(Usb.o)
                0x000020ea                _ZN3USBC2Ev
                0x000020ea                _ZN3USBC1Ev
 .text._ZN3USB14getEpInfoEntryEhh
                0x0000214a       0x3a C:\Users\FUJITSU\DOCUME~1\ATMELS~1\7.0\HAIROB~1\HAIROB~1\ARDUIN~1\Debug\libArduinoCore.a(Usb.o)
                0x0000214a                _ZN3USB14getEpInfoEntryEhh
 .text._ZN3USB14setEpInfoEntryEhhP6EpInfo
                0x00002184       0x3a C:\Users\FUJITSU\DOCUME~1\ATMELS~1\7.0\HAIROB~1\HAIROB~1\ARDUIN~1\Debug\libArduinoCore.a(Usb.o)
                0x00002184                _ZN3USB14setEpInfoEntryEhhP6EpInfo
 .text._ZN4TPinI5PortbLh2EE5ClearEv
                0x000021be        0x4 C:\Users\FUJITSU\DOCUME~1\ATMELS~1\7.0\HAIROB~1\HAIROB~1\ARDUIN~1\Debug\libArduinoCore.a(Usb.o)
                0x000021be                _ZN4TPinI5PortbLh2EE5ClearEv
 .text._ZN8MAX3421eI4TPinI5PortbLh2EES0_IS1_Lh1EEE5regRdEh.isra.5
                0x000021c2       0x2c C:\Users\FUJITSU\DOCUME~1\ATMELS~1\7.0\HAIROB~1\HAIROB~1\ARDUIN~1\Debug\libArduinoCore.a(Usb.o)
 .text._ZN8MAX3421eI4TPinI5PortbLh2EES0_IS1_Lh1EEE5regWrEhh.isra.6
                0x000021ee       0x46 C:\Users\FUJITSU\DOCUME~1\ATMELS~1\7.0\HAIROB~1\HAIROB~1\ARDUIN~1\Debug\libArduinoCore.a(Usb.o)
 .text._ZN3USB10SetAddressEhhPP6EpInfoPj
                0x00002234       0xda C:\Users\FUJITSU\DOCUME~1\ATMELS~1\7.0\HAIROB~1\HAIROB~1\ARDUIN~1\Debug\libArduinoCore.a(Usb.o)
                0x00002234                _ZN3USB10SetAddressEhhPP6EpInfoPj
 .text._ZN3USB11dispatchPktEhhj
                0x0000230e       0xc6 C:\Users\FUJITSU\DOCUME~1\ATMELS~1\7.0\HAIROB~1\HAIROB~1\ARDUIN~1\Debug\libArduinoCore.a(Usb.o)
                0x0000230e                _ZN3USB11dispatchPktEhhj
 .text._ZN3USB13AttemptConfigEhhhb
                0x000023d4      0x138 C:\Users\FUJITSU\DOCUME~1\ATMELS~1\7.0\HAIROB~1\HAIROB~1\ARDUIN~1\Debug\libArduinoCore.a(Usb.o)
                0x000023d4                _ZN3USB13AttemptConfigEhhhb
 .text._ZN8MAX3421eI4TPinI5PortbLh2EES0_IS1_Lh1EEE7bytesWrEhhPh.isra.7
                0x0000250c       0x4a C:\Users\FUJITSU\DOCUME~1\ATMELS~1\7.0\HAIROB~1\HAIROB~1\ARDUIN~1\Debug\libArduinoCore.a(Usb.o)
 .text._ZN3USB11OutTransferEP6EpInfojjPh
                0x00002556      0x1e6 C:\Users\FUJITSU\DOCUME~1\ATMELS~1\7.0\HAIROB~1\HAIROB~1\ARDUIN~1\Debug\libArduinoCore.a(Usb.o)
                0x00002556                _ZN3USB11OutTransferEP6EpInfojjPh
 .text._ZN3USB11outTransferEhhjPh
                0x0000273c       0x6e C:\Users\FUJITSU\DOCUME~1\ATMELS~1\7.0\HAIROB~1\HAIROB~1\ARDUIN~1\Debug\libArduinoCore.a(Usb.o)
                0x0000273c                _ZN3USB11outTransferEhhjPh
 .text._ZN3USB10InTransferEP6EpInfojPjPhh
                0x000027aa      0x1ce C:\Users\FUJITSU\DOCUME~1\ATMELS~1\7.0\HAIROB~1\HAIROB~1\ARDUIN~1\Debug\libArduinoCore.a(Usb.o)
                0x000027aa                _ZN3USB10InTransferEP6EpInfojPjPhh
 .text._ZN3USB7ctrlReqEhhhhhhjjjPhP13USBReadParser
                0x00002978      0x1c0 C:\Users\FUJITSU\DOCUME~1\ATMELS~1\7.0\HAIROB~1\HAIROB~1\ARDUIN~1\Debug\libArduinoCore.a(Usb.o)
                0x00002978                _ZN3USB7ctrlReqEhhhhhhjjjPhP13USBReadParser
 .text._ZN3USB11getDevDescrEhhjPh
                0x00002b38       0x4e C:\Users\FUJITSU\DOCUME~1\ATMELS~1\7.0\HAIROB~1\HAIROB~1\ARDUIN~1\Debug\libArduinoCore.a(Usb.o)
                0x00002b38                _ZN3USB11getDevDescrEhhjPh
 .text._ZN3USB7setAddrEhhh
                0x00002b86       0x5e C:\Users\FUJITSU\DOCUME~1\ATMELS~1\7.0\HAIROB~1\HAIROB~1\ARDUIN~1\Debug\libArduinoCore.a(Usb.o)
                0x00002b86                _ZN3USB7setAddrEhhh
 .text._ZN3USB17DefaultAddressingEhhb
                0x00002be4       0x78 C:\Users\FUJITSU\DOCUME~1\ATMELS~1\7.0\HAIROB~1\HAIROB~1\ARDUIN~1\Debug\libArduinoCore.a(Usb.o)
                0x00002be4                _ZN3USB17DefaultAddressingEhhb
 .text._ZN3USB11ConfiguringEhhb
                0x00002c5c      0x206 C:\Users\FUJITSU\DOCUME~1\ATMELS~1\7.0\HAIROB~1\HAIROB~1\ARDUIN~1\Debug\libArduinoCore.a(Usb.o)
                0x00002c5c                _ZN3USB11ConfiguringEhhb
 .text._ZN3USB7setConfEhhh
                0x00002e62       0x4a C:\Users\FUJITSU\DOCUME~1\ATMELS~1\7.0\HAIROB~1\HAIROB~1\ARDUIN~1\Debug\libArduinoCore.a(Usb.o)
                0x00002e62                _ZN3USB7setConfEhhh
 .text._ZN3USB10inTransferEhhPjPhh
                0x00002eac       0x72 C:\Users\FUJITSU\DOCUME~1\ATMELS~1\7.0\HAIROB~1\HAIROB~1\ARDUIN~1\Debug\libArduinoCore.a(Usb.o)
                0x00002eac                _ZN3USB10inTransferEhhPjPhh
 .text._ZN3USB4TaskEv
                0x00002f1e      0x1fa C:\Users\FUJITSU\DOCUME~1\ATMELS~1\7.0\HAIROB~1\HAIROB~1\ARDUIN~1\Debug\libArduinoCore.a(Usb.o)
                0x00002f1e                _ZN3USB4TaskEv
 .text.__empty  0x00003118        0x2 C:\Users\FUJITSU\DOCUME~1\ATMELS~1\7.0\HAIROB~1\HAIROB~1\ARDUIN~1\Debug\libArduinoCore.a(hooks.o)
                0x00003118                yield
 .text.turnOffPWM
                0x0000311a       0x52 C:\Users\FUJITSU\DOCUME~1\ATMELS~1\7.0\HAIROB~1\HAIROB~1\ARDUIN~1\Debug\libArduinoCore.a(wiring_digital.o)
 .text.pinMode  0x0000316c       0x78 C:\Users\FUJITSU\DOCUME~1\ATMELS~1\7.0\HAIROB~1\HAIROB~1\ARDUIN~1\Debug\libArduinoCore.a(wiring_digital.o)
                0x0000316c                pinMode
 .text.digitalWrite
                0x000031e4       0x5e C:\Users\FUJITSU\DOCUME~1\ATMELS~1\7.0\HAIROB~1\HAIROB~1\ARDUIN~1\Debug\libArduinoCore.a(wiring_digital.o)
                0x000031e4                digitalWrite
 .text.libgcc.div
                0x00003242       0x18 c:/program files (x86)/atmel/studio/7.0/toolchain/avr8/avr8-gnu-toolchain/bin/../lib/gcc/avr/5.4.0/avr5\libgcc.a(_udivmodqi4.o)
                0x00003242                __udivmodqi4
 .text.libgcc.div
                0x0000325a       0x44 c:/program files (x86)/atmel/studio/7.0/toolchain/avr8/avr8-gnu-toolchain/bin/../lib/gcc/avr/5.4.0/avr5\libgcc.a(_udivmodsi4.o)
                0x0000325a                __udivmodsi4
 .text.libgcc   0x0000329e        0xc c:/program files (x86)/atmel/studio/7.0/toolchain/avr8/avr8-gnu-toolchain/bin/../lib/gcc/avr/5.4.0/avr5\libgcc.a(_tablejump2.o)
                0x0000329e                __tablejump2__
 .text.avr-libc
                0x000032aa      0x242 c:/program files (x86)/atmel/studio/7.0/toolchain/avr8/avr8-gnu-toolchain/bin/../lib/gcc/avr/5.4.0/../../../../avr/lib/avr5\libc.a(malloc.o)
                0x000032aa                malloc
                0x000033da                free
 .text.avr-libc
                0x000034ec        0xe c:/program files (x86)/atmel/studio/7.0/toolchain/avr8/avr8-gnu-toolchain/bin/../lib/gcc/avr/5.4.0/../../../../avr/lib/avr5\libc.a(memset.o)
                0x000034ec                memset
                0x000034fa                . = ALIGN (0x2)
 *(.fini9)
 .fini9         0x000034fa        0x0 c:/program files (x86)/atmel/studio/7.0/toolchain/avr8/avr8-gnu-toolchain/bin/../lib/gcc/avr/5.4.0/avr5\libgcc.a(_exit.o)
                0x000034fa                _exit
                0x000034fa                exit
 *(.fini9)
 *(.fini8)
 *(.fini8)
 *(.fini7)
 *(.fini7)
 *(.fini6)
 *(.fini6)
 *(.fini5)
 *(.fini5)
 *(.fini4)
 *(.fini4)
 *(.fini3)
 *(.fini3)
 *(.fini2)
 *(.fini2)
 *(.fini1)
 *(.fini1)
 *(.fini0)
 .fini0         0x000034fa        0x4 c:/program files (x86)/atmel/studio/7.0/toolchain/avr8/avr8-gnu-toolchain/bin/../lib/gcc/avr/5.4.0/avr5\libgcc.a(_exit.o)
 *(.fini0)
                0x000034fe                _etext = .

.data           0x00800100      0x346 load address 0x000034fe
                0x00800100                PROVIDE (__data_start, .)
 *(.data)
 .data          0x00800100        0x6 c:/program files (x86)/atmel/studio/7.0/toolchain/avr8/avr8-gnu-toolchain/bin/../lib/gcc/avr/5.4.0/../../../../avr/lib/avr5\libc.a(malloc.o)
                0x00800100                __malloc_heap_end
                0x00800102                __malloc_heap_start
                0x00800104                __malloc_margin
 *(.data*)
 *(.gnu.linkonce.d*)
 *(.rodata)
 .rodata        0x00800106       0x10 Sketch.o
 *(.rodata*)
 .rodata.str1.1
                0x00800116      0x198 Sketch.o
 .rodata._ZTV14HardwareSerial
                0x008002ae       0x10 C:\Users\FUJITSU\DOCUME~1\ATMELS~1\7.0\HAIROB~1\HAIROB~1\ARDUIN~1\Debug\libArduinoCore.a(HardwareSerial.o)
                0x008002ae                _ZTV14HardwareSerial
 .rodata.str1.1
                0x008002be        0xc C:\Users\FUJITSU\DOCUME~1\ATMELS~1\7.0\HAIROB~1\HAIROB~1\ARDUIN~1\Debug\libArduinoCore.a(Print.o)
                                  0xf (size before relaxing)
 .rodata.str1.1
                0x008002ca      0x151 C:\Users\FUJITSU\DOCUME~1\ATMELS~1\7.0\HAIROB~1\HAIROB~1\ARDUIN~1\Debug\libArduinoCore.a(mcp_can.o)
 .rodata.CSWTCH.58
                0x0080041b        0x3 C:\Users\FUJITSU\DOCUME~1\ATMELS~1\7.0\HAIROB~1\HAIROB~1\ARDUIN~1\Debug\libArduinoCore.a(mcp_can.o)
 .rodata.CSWTCH.56
                0x0080041e        0x3 C:\Users\FUJITSU\DOCUME~1\ATMELS~1\7.0\HAIROB~1\HAIROB~1\ARDUIN~1\Debug\libArduinoCore.a(mcp_can.o)
 .rodata.CSWTCH.48
                0x00800421        0x3 C:\Users\FUJITSU\DOCUME~1\ATMELS~1\7.0\HAIROB~1\HAIROB~1\ARDUIN~1\Debug\libArduinoCore.a(mcp_can.o)
 .rodata._ZTV6PS3USB
                0x00800424       0x18 C:\Users\FUJITSU\DOCUME~1\ATMELS~1\7.0\HAIROB~1\HAIROB~1\ARDUIN~1\Debug\libArduinoCore.a(PS3USB.o)
                0x00800424                _ZTV6PS3USB
 .rodata._ZTV15AddressPoolImplILh16EE
                0x0080043c        0xa C:\Users\FUJITSU\DOCUME~1\ATMELS~1\7.0\HAIROB~1\HAIROB~1\ARDUIN~1\Debug\libArduinoCore.a(Usb.o)
                0x0080043c                _ZTV15AddressPoolImplILh16EE
 *(.gnu.linkonce.r*)
                0x00800446                . = ALIGN (0x2)
                0x00800446                _edata = .
                0x00800446                PROVIDE (__data_end, .)

.bss            0x00800446      0x1f0
                0x00800446                PROVIDE (__bss_start, .)
 *(.bss)
 *(.bss*)
 .bss._ZN8MAX3421eI4TPinI5PortbLh2EES0_IS1_Lh1EEE9vbusStateE
                0x00800446        0x1 Sketch.o
                0x00800446                _ZN8MAX3421eI4TPinI5PortbLh2EES0_IS1_Lh1EEE9vbusStateE
 .bss.circit    0x00800447      0x13b Sketch.o
                0x00800447                circit
 .bss.Serial    0x00800582       0x9d C:\Users\FUJITSU\DOCUME~1\ATMELS~1\7.0\HAIROB~1\HAIROB~1\ARDUIN~1\Debug\libArduinoCore.a(HardwareSerial0.o)
                0x00800582                Serial
 .bss.timer0_fract
                0x0080061f        0x1 C:\Users\FUJITSU\DOCUME~1\ATMELS~1\7.0\HAIROB~1\HAIROB~1\ARDUIN~1\Debug\libArduinoCore.a(wiring.o)
 .bss.timer0_millis
                0x00800620        0x4 C:\Users\FUJITSU\DOCUME~1\ATMELS~1\7.0\HAIROB~1\HAIROB~1\ARDUIN~1\Debug\libArduinoCore.a(wiring.o)
                0x00800620                timer0_millis
 .bss.timer0_overflow_count
                0x00800624        0x4 C:\Users\FUJITSU\DOCUME~1\ATMELS~1\7.0\HAIROB~1\HAIROB~1\ARDUIN~1\Debug\libArduinoCore.a(wiring.o)
                0x00800624                timer0_overflow_count
 .bss._ZN8SPIClass13interruptSaveE
                0x00800628        0x1 C:\Users\FUJITSU\DOCUME~1\ATMELS~1\7.0\HAIROB~1\HAIROB~1\ARDUIN~1\Debug\libArduinoCore.a(SPI.o)
                0x00800628                _ZN8SPIClass13interruptSaveE
 .bss._ZN8SPIClass13interruptMaskE
                0x00800629        0x1 C:\Users\FUJITSU\DOCUME~1\ATMELS~1\7.0\HAIROB~1\HAIROB~1\ARDUIN~1\Debug\libArduinoCore.a(SPI.o)
                0x00800629                _ZN8SPIClass13interruptMaskE
 .bss._ZN8SPIClass13interruptModeE
                0x0080062a        0x1 C:\Users\FUJITSU\DOCUME~1\ATMELS~1\7.0\HAIROB~1\HAIROB~1\ARDUIN~1\Debug\libArduinoCore.a(SPI.o)
                0x0080062a                _ZN8SPIClass13interruptModeE
 .bss._ZN8SPIClass11initializedE
                0x0080062b        0x1 C:\Users\FUJITSU\DOCUME~1\ATMELS~1\7.0\HAIROB~1\HAIROB~1\ARDUIN~1\Debug\libArduinoCore.a(SPI.o)
                0x0080062b                _ZN8SPIClass11initializedE
 .bss.SPI       0x0080062c        0x1 C:\Users\FUJITSU\DOCUME~1\ATMELS~1\7.0\HAIROB~1\HAIROB~1\ARDUIN~1\Debug\libArduinoCore.a(SPI.o)
                0x0080062c                SPI
 .bss._ZZN3USB4TaskEvE5delay
                0x0080062d        0x4 C:\Users\FUJITSU\DOCUME~1\ATMELS~1\7.0\HAIROB~1\HAIROB~1\ARDUIN~1\Debug\libArduinoCore.a(Usb.o)
 .bss._ZL14usb_task_state
                0x00800631        0x1 C:\Users\FUJITSU\DOCUME~1\ATMELS~1\7.0\HAIROB~1\HAIROB~1\ARDUIN~1\Debug\libArduinoCore.a(Usb.o)
 *(COMMON)
 COMMON         0x00800632        0x4 c:/program files (x86)/atmel/studio/7.0/toolchain/avr8/avr8-gnu-toolchain/bin/../lib/gcc/avr/5.4.0/../../../../avr/lib/avr5\libc.a(malloc.o)
                0x00800632                __brkval
                0x00800634                __flp
                0x00800636                PROVIDE (__bss_end, .)
                0x000034fe                __data_load_start = LOADADDR (.data)
                0x00003844                __data_load_end = (__data_load_start + SIZEOF (.data))

.noinit         0x00800636        0x0
                [!provide]                PROVIDE (__noinit_start, .)
 *(.noinit*)
                [!provide]                PROVIDE (__noinit_end, .)
                0x00800636                _end = .
                0x00800636                PROVIDE (__heap_start, .)

.eeprom         0x00810000        0x0
 *(.eeprom*)
                0x00810000                __eeprom_end = .

.fuse
 *(.fuse)
 *(.lfuse)
 *(.hfuse)
 *(.efuse)

.lock
 *(.lock*)

.signature
 *(.signature*)

.user_signatures
 *(.user_signatures*)

.stab
 *(.stab)

.stabstr
 *(.stabstr)

.stab.excl
 *(.stab.excl)

.stab.exclstr
 *(.stab.exclstr)

.stab.index
 *(.stab.index)

.stab.indexstr
 *(.stab.indexstr)

.comment        0x00000000       0x30
 *(.comment)
 .comment       0x00000000       0x30 Sketch.o
                                 0x31 (size before relaxing)
 .comment       0x00000030       0x31 C:\Users\FUJITSU\DOCUME~1\ATMELS~1\7.0\HAIROB~1\HAIROB~1\ARDUIN~1\Debug\libArduinoCore.a(HardwareSerial.o)
 .comment       0x00000030       0x31 C:\Users\FUJITSU\DOCUME~1\ATMELS~1\7.0\HAIROB~1\HAIROB~1\ARDUIN~1\Debug\libArduinoCore.a(HardwareSerial0.o)
 .comment       0x00000030       0x31 C:\Users\FUJITSU\DOCUME~1\ATMELS~1\7.0\HAIROB~1\HAIROB~1\ARDUIN~1\Debug\libArduinoCore.a(main.o)
 .comment       0x00000030       0x31 C:\Users\FUJITSU\DOCUME~1\ATMELS~1\7.0\HAIROB~1\HAIROB~1\ARDUIN~1\Debug\libArduinoCore.a(new.o)
 .comment       0x00000030       0x31 C:\Users\FUJITSU\DOCUME~1\ATMELS~1\7.0\HAIROB~1\HAIROB~1\ARDUIN~1\Debug\libArduinoCore.a(Print.o)
 .comment       0x00000030       0x31 C:\Users\FUJITSU\DOCUME~1\ATMELS~1\7.0\HAIROB~1\HAIROB~1\ARDUIN~1\Debug\libArduinoCore.a(wiring.o)
 .comment       0x00000030       0x31 C:\Users\FUJITSU\DOCUME~1\ATMELS~1\7.0\HAIROB~1\HAIROB~1\ARDUIN~1\Debug\libArduinoCore.a(mcp_can.o)
 .comment       0x00000030       0x31 C:\Users\FUJITSU\DOCUME~1\ATMELS~1\7.0\HAIROB~1\HAIROB~1\ARDUIN~1\Debug\libArduinoCore.a(SPI.o)
 .comment       0x00000030       0x31 C:\Users\FUJITSU\DOCUME~1\ATMELS~1\7.0\HAIROB~1\HAIROB~1\ARDUIN~1\Debug\libArduinoCore.a(PS3USB.o)
 .comment       0x00000030       0x31 C:\Users\FUJITSU\DOCUME~1\ATMELS~1\7.0\HAIROB~1\HAIROB~1\ARDUIN~1\Debug\libArduinoCore.a(Usb.o)
 .comment       0x00000030       0x31 C:\Users\FUJITSU\DOCUME~1\ATMELS~1\7.0\HAIROB~1\HAIROB~1\ARDUIN~1\Debug\libArduinoCore.a(hooks.o)
 .comment       0x00000030       0x31 C:\Users\FUJITSU\DOCUME~1\ATMELS~1\7.0\HAIROB~1\HAIROB~1\ARDUIN~1\Debug\libArduinoCore.a(wiring_digital.o)
 .comment       0x00000030       0x31 c:/program files (x86)/atmel/studio/7.0/toolchain/avr8/avr8-gnu-toolchain/bin/../lib/gcc/avr/5.4.0/../../../../avr/lib/avr5\libc.a(malloc.o)

.note.gnu.avr.deviceinfo
                0x00000000       0x40
 .note.gnu.avr.deviceinfo
                0x00000000       0x40 C:/Program Files (x86)/Atmel/Studio/7.0/Packs/atmel/ATmega_DFP/1.2.150/gcc/dev/atmega328p/avr5/crtatmega328p.o

.note.gnu.build-id
 *(.note.gnu.build-id)

.debug
 *(.debug)

.line
 *(.line)

.debug_srcinfo
 *(.debug_srcinfo)

.debug_sfnames
 *(.debug_sfnames)

.debug_aranges  0x00000000      0x7e0
 *(.debug_aranges)
 .debug_aranges
                0x00000000       0x98 Sketch.o
 .debug_aranges
                0x00000098       0x68 C:\Users\FUJITSU\DOCUME~1\ATMELS~1\7.0\HAIROB~1\HAIROB~1\ARDUIN~1\Debug\libArduinoCore.a(HardwareSerial.o)
 .debug_aranges
                0x00000100       0x38 C:\Users\FUJITSU\DOCUME~1\ATMELS~1\7.0\HAIROB~1\HAIROB~1\ARDUIN~1\Debug\libArduinoCore.a(HardwareSerial0.o)
 .debug_aranges
                0x00000138       0x30 C:\Users\FUJITSU\DOCUME~1\ATMELS~1\7.0\HAIROB~1\HAIROB~1\ARDUIN~1\Debug\libArduinoCore.a(main.o)
 .debug_aranges
                0x00000168       0x28 C:\Users\FUJITSU\DOCUME~1\ATMELS~1\7.0\HAIROB~1\HAIROB~1\ARDUIN~1\Debug\libArduinoCore.a(new.o)
 .debug_aranges
                0x00000190       0xf0 C:\Users\FUJITSU\DOCUME~1\ATMELS~1\7.0\HAIROB~1\HAIROB~1\ARDUIN~1\Debug\libArduinoCore.a(Print.o)
 .debug_aranges
                0x00000280       0x48 C:\Users\FUJITSU\DOCUME~1\ATMELS~1\7.0\HAIROB~1\HAIROB~1\ARDUIN~1\Debug\libArduinoCore.a(wiring.o)
 .debug_aranges
                0x000002c8      0x1b8 C:\Users\FUJITSU\DOCUME~1\ATMELS~1\7.0\HAIROB~1\HAIROB~1\ARDUIN~1\Debug\libArduinoCore.a(mcp_can.o)
 .debug_aranges
                0x00000480       0x38 C:\Users\FUJITSU\DOCUME~1\ATMELS~1\7.0\HAIROB~1\HAIROB~1\ARDUIN~1\Debug\libArduinoCore.a(SPI.o)
 .debug_aranges
                0x000004b8      0x188 C:\Users\FUJITSU\DOCUME~1\ATMELS~1\7.0\HAIROB~1\HAIROB~1\ARDUIN~1\Debug\libArduinoCore.a(PS3USB.o)
 .debug_aranges
                0x00000640      0x148 C:\Users\FUJITSU\DOCUME~1\ATMELS~1\7.0\HAIROB~1\HAIROB~1\ARDUIN~1\Debug\libArduinoCore.a(Usb.o)
 .debug_aranges
                0x00000788       0x20 C:\Users\FUJITSU\DOCUME~1\ATMELS~1\7.0\HAIROB~1\HAIROB~1\ARDUIN~1\Debug\libArduinoCore.a(hooks.o)
 .debug_aranges
                0x000007a8       0x38 C:\Users\FUJITSU\DOCUME~1\ATMELS~1\7.0\HAIROB~1\HAIROB~1\ARDUIN~1\Debug\libArduinoCore.a(wiring_digital.o)

.debug_pubnames
 *(.debug_pubnames)

.debug_info     0x00000000    0x1c6c4
 *(.debug_info .gnu.linkonce.wi.*)
 .debug_info    0x00000000      0x5f4 C:/Program Files (x86)/Atmel/Studio/7.0/Packs/atmel/ATmega_DFP/1.2.150/gcc/dev/atmega328p/avr5/crtatmega328p.o
 .debug_info    0x000005f4     0x6d27 Sketch.o
 .debug_info    0x0000731b     0x1ea5 C:\Users\FUJITSU\DOCUME~1\ATMELS~1\7.0\HAIROB~1\HAIROB~1\ARDUIN~1\Debug\libArduinoCore.a(HardwareSerial.o)
 .debug_info    0x000091c0     0x1a99 C:\Users\FUJITSU\DOCUME~1\ATMELS~1\7.0\HAIROB~1\HAIROB~1\ARDUIN~1\Debug\libArduinoCore.a(HardwareSerial0.o)
 .debug_info    0x0000ac59      0x237 C:\Users\FUJITSU\DOCUME~1\ATMELS~1\7.0\HAIROB~1\HAIROB~1\ARDUIN~1\Debug\libArduinoCore.a(main.o)
 .debug_info    0x0000ae90      0x11c C:\Users\FUJITSU\DOCUME~1\ATMELS~1\7.0\HAIROB~1\HAIROB~1\ARDUIN~1\Debug\libArduinoCore.a(new.o)
 .debug_info    0x0000afac     0x285e C:\Users\FUJITSU\DOCUME~1\ATMELS~1\7.0\HAIROB~1\HAIROB~1\ARDUIN~1\Debug\libArduinoCore.a(Print.o)
 .debug_info    0x0000d80a      0x2cb C:\Users\FUJITSU\DOCUME~1\ATMELS~1\7.0\HAIROB~1\HAIROB~1\ARDUIN~1\Debug\libArduinoCore.a(wiring.o)
 .debug_info    0x0000dad5     0x2eb0 C:\Users\FUJITSU\DOCUME~1\ATMELS~1\7.0\HAIROB~1\HAIROB~1\ARDUIN~1\Debug\libArduinoCore.a(mcp_can.o)
 .debug_info    0x00010985      0x66b C:\Users\FUJITSU\DOCUME~1\ATMELS~1\7.0\HAIROB~1\HAIROB~1\ARDUIN~1\Debug\libArduinoCore.a(SPI.o)
 .debug_info    0x00010ff0     0x700a C:\Users\FUJITSU\DOCUME~1\ATMELS~1\7.0\HAIROB~1\HAIROB~1\ARDUIN~1\Debug\libArduinoCore.a(PS3USB.o)
 .debug_info    0x00017ffa     0x408e C:\Users\FUJITSU\DOCUME~1\ATMELS~1\7.0\HAIROB~1\HAIROB~1\ARDUIN~1\Debug\libArduinoCore.a(Usb.o)
 .debug_info    0x0001c088       0x3e C:\Users\FUJITSU\DOCUME~1\ATMELS~1\7.0\HAIROB~1\HAIROB~1\ARDUIN~1\Debug\libArduinoCore.a(hooks.o)
 .debug_info    0x0001c0c6      0x5fe C:\Users\FUJITSU\DOCUME~1\ATMELS~1\7.0\HAIROB~1\HAIROB~1\ARDUIN~1\Debug\libArduinoCore.a(wiring_digital.o)

.debug_abbrev   0x00000000     0x36fa
 *(.debug_abbrev)
 .debug_abbrev  0x00000000      0x5a2 C:/Program Files (x86)/Atmel/Studio/7.0/Packs/atmel/ATmega_DFP/1.2.150/gcc/dev/atmega328p/avr5/crtatmega328p.o
 .debug_abbrev  0x000005a2      0x860 Sketch.o
 .debug_abbrev  0x00000e02      0x432 C:\Users\FUJITSU\DOCUME~1\ATMELS~1\7.0\HAIROB~1\HAIROB~1\ARDUIN~1\Debug\libArduinoCore.a(HardwareSerial.o)
 .debug_abbrev  0x00001234      0x3a2 C:\Users\FUJITSU\DOCUME~1\ATMELS~1\7.0\HAIROB~1\HAIROB~1\ARDUIN~1\Debug\libArduinoCore.a(HardwareSerial0.o)
 .debug_abbrev  0x000015d6      0x12d C:\Users\FUJITSU\DOCUME~1\ATMELS~1\7.0\HAIROB~1\HAIROB~1\ARDUIN~1\Debug\libArduinoCore.a(main.o)
 .debug_abbrev  0x00001703       0xce C:\Users\FUJITSU\DOCUME~1\ATMELS~1\7.0\HAIROB~1\HAIROB~1\ARDUIN~1\Debug\libArduinoCore.a(new.o)
 .debug_abbrev  0x000017d1      0x469 C:\Users\FUJITSU\DOCUME~1\ATMELS~1\7.0\HAIROB~1\HAIROB~1\ARDUIN~1\Debug\libArduinoCore.a(Print.o)
 .debug_abbrev  0x00001c3a      0x146 C:\Users\FUJITSU\DOCUME~1\ATMELS~1\7.0\HAIROB~1\HAIROB~1\ARDUIN~1\Debug\libArduinoCore.a(wiring.o)
 .debug_abbrev  0x00001d80      0x52e C:\Users\FUJITSU\DOCUME~1\ATMELS~1\7.0\HAIROB~1\HAIROB~1\ARDUIN~1\Debug\libArduinoCore.a(mcp_can.o)
 .debug_abbrev  0x000022ae      0x283 C:\Users\FUJITSU\DOCUME~1\ATMELS~1\7.0\HAIROB~1\HAIROB~1\ARDUIN~1\Debug\libArduinoCore.a(SPI.o)
 .debug_abbrev  0x00002531      0x77e C:\Users\FUJITSU\DOCUME~1\ATMELS~1\7.0\HAIROB~1\HAIROB~1\ARDUIN~1\Debug\libArduinoCore.a(PS3USB.o)
 .debug_abbrev  0x00002caf      0x8c6 C:\Users\FUJITSU\DOCUME~1\ATMELS~1\7.0\HAIROB~1\HAIROB~1\ARDUIN~1\Debug\libArduinoCore.a(Usb.o)
 .debug_abbrev  0x00003575       0x2a C:\Users\FUJITSU\DOCUME~1\ATMELS~1\7.0\HAIROB~1\HAIROB~1\ARDUIN~1\Debug\libArduinoCore.a(hooks.o)
 .debug_abbrev  0x0000359f      0x15b C:\Users\FUJITSU\DOCUME~1\ATMELS~1\7.0\HAIROB~1\HAIROB~1\ARDUIN~1\Debug\libArduinoCore.a(wiring_digital.o)

.debug_line     0x00000000     0x5071
 *(.debug_line .debug_line.* .debug_line_end)
 .debug_line    0x00000000      0x133 C:/Program Files (x86)/Atmel/Studio/7.0/Packs/atmel/ATmega_DFP/1.2.150/gcc/dev/atmega328p/avr5/crtatmega328p.o
 .debug_line    0x00000133      0x845 Sketch.o
 .debug_line    0x00000978      0x426 C:\Users\FUJITSU\DOCUME~1\ATMELS~1\7.0\HAIROB~1\HAIROB~1\ARDUIN~1\Debug\libArduinoCore.a(HardwareSerial.o)
 .debug_line    0x00000d9e      0x257 C:\Users\FUJITSU\DOCUME~1\ATMELS~1\7.0\HAIROB~1\HAIROB~1\ARDUIN~1\Debug\libArduinoCore.a(HardwareSerial0.o)
 .debug_line    0x00000ff5      0x165 C:\Users\FUJITSU\DOCUME~1\ATMELS~1\7.0\HAIROB~1\HAIROB~1\ARDUIN~1\Debug\libArduinoCore.a(main.o)
 .debug_line    0x0000115a      0x12f C:\Users\FUJITSU\DOCUME~1\ATMELS~1\7.0\HAIROB~1\HAIROB~1\ARDUIN~1\Debug\libArduinoCore.a(new.o)
 .debug_line    0x00001289      0x626 C:\Users\FUJITSU\DOCUME~1\ATMELS~1\7.0\HAIROB~1\HAIROB~1\ARDUIN~1\Debug\libArduinoCore.a(Print.o)
 .debug_line    0x000018af      0x299 C:\Users\FUJITSU\DOCUME~1\ATMELS~1\7.0\HAIROB~1\HAIROB~1\ARDUIN~1\Debug\libArduinoCore.a(wiring.o)
 .debug_line    0x00001b48     0x111d C:\Users\FUJITSU\DOCUME~1\ATMELS~1\7.0\HAIROB~1\HAIROB~1\ARDUIN~1\Debug\libArduinoCore.a(mcp_can.o)
 .debug_line    0x00002c65      0x2eb C:\Users\FUJITSU\DOCUME~1\ATMELS~1\7.0\HAIROB~1\HAIROB~1\ARDUIN~1\Debug\libArduinoCore.a(SPI.o)
 .debug_line    0x00002f50      0xdb3 C:\Users\FUJITSU\DOCUME~1\ATMELS~1\7.0\HAIROB~1\HAIROB~1\ARDUIN~1\Debug\libArduinoCore.a(PS3USB.o)
 .debug_line    0x00003d03     0x10db C:\Users\FUJITSU\DOCUME~1\ATMELS~1\7.0\HAIROB~1\HAIROB~1\ARDUIN~1\Debug\libArduinoCore.a(Usb.o)
 .debug_line    0x00004dde       0x41 C:\Users\FUJITSU\DOCUME~1\ATMELS~1\7.0\HAIROB~1\HAIROB~1\ARDUIN~1\Debug\libArduinoCore.a(hooks.o)
 .debug_line    0x00004e1f      0x252 C:\Users\FUJITSU\DOCUME~1\ATMELS~1\7.0\HAIROB~1\HAIROB~1\ARDUIN~1\Debug\libArduinoCore.a(wiring_digital.o)

.debug_frame    0x00000000     0x1fb4
 *(.debug_frame)
 .debug_frame   0x00000000      0x1f4 Sketch.o
 .debug_frame   0x000001f4      0x110 C:\Users\FUJITSU\DOCUME~1\ATMELS~1\7.0\HAIROB~1\HAIROB~1\ARDUIN~1\Debug\libArduinoCore.a(HardwareSerial.o)
 .debug_frame   0x00000304       0xc0 C:\Users\FUJITSU\DOCUME~1\ATMELS~1\7.0\HAIROB~1\HAIROB~1\ARDUIN~1\Debug\libArduinoCore.a(HardwareSerial0.o)
 .debug_frame   0x000003c4       0x54 C:\Users\FUJITSU\DOCUME~1\ATMELS~1\7.0\HAIROB~1\HAIROB~1\ARDUIN~1\Debug\libArduinoCore.a(main.o)
 .debug_frame   0x00000418       0x54 C:\Users\FUJITSU\DOCUME~1\ATMELS~1\7.0\HAIROB~1\HAIROB~1\ARDUIN~1\Debug\libArduinoCore.a(new.o)
 .debug_frame   0x0000046c      0x38c C:\Users\FUJITSU\DOCUME~1\ATMELS~1\7.0\HAIROB~1\HAIROB~1\ARDUIN~1\Debug\libArduinoCore.a(Print.o)
 .debug_frame   0x000007f8       0xc4 C:\Users\FUJITSU\DOCUME~1\ATMELS~1\7.0\HAIROB~1\HAIROB~1\ARDUIN~1\Debug\libArduinoCore.a(wiring.o)
 .debug_frame   0x000008bc      0x810 C:\Users\FUJITSU\DOCUME~1\ATMELS~1\7.0\HAIROB~1\HAIROB~1\ARDUIN~1\Debug\libArduinoCore.a(mcp_can.o)
 .debug_frame   0x000010cc       0x5c C:\Users\FUJITSU\DOCUME~1\ATMELS~1\7.0\HAIROB~1\HAIROB~1\ARDUIN~1\Debug\libArduinoCore.a(SPI.o)
 .debug_frame   0x00001128      0x650 C:\Users\FUJITSU\DOCUME~1\ATMELS~1\7.0\HAIROB~1\HAIROB~1\ARDUIN~1\Debug\libArduinoCore.a(PS3USB.o)
 .debug_frame   0x00001778      0x79c C:\Users\FUJITSU\DOCUME~1\ATMELS~1\7.0\HAIROB~1\HAIROB~1\ARDUIN~1\Debug\libArduinoCore.a(Usb.o)
 .debug_frame   0x00001f14       0x24 C:\Users\FUJITSU\DOCUME~1\ATMELS~1\7.0\HAIROB~1\HAIROB~1\ARDUIN~1\Debug\libArduinoCore.a(hooks.o)
 .debug_frame   0x00001f38       0x7c C:\Users\FUJITSU\DOCUME~1\ATMELS~1\7.0\HAIROB~1\HAIROB~1\ARDUIN~1\Debug\libArduinoCore.a(wiring_digital.o)

.debug_str      0x00000000     0x9de2
 *(.debug_str)
 .debug_str     0x00000000      0x208 C:/Program Files (x86)/Atmel/Studio/7.0/Packs/atmel/ATmega_DFP/1.2.150/gcc/dev/atmega328p/avr5/crtatmega328p.o
 .debug_str     0x00000208     0x6eb0 Sketch.o
                               0x7017 (size before relaxing)
 .debug_str     0x000070b8     0x1320 C:\Users\FUJITSU\DOCUME~1\ATMELS~1\7.0\HAIROB~1\HAIROB~1\ARDUIN~1\Debug\libArduinoCore.a(HardwareSerial.o)
                               0x1616 (size before relaxing)
 .debug_str     0x000083d8       0x55 C:\Users\FUJITSU\DOCUME~1\ATMELS~1\7.0\HAIROB~1\HAIROB~1\ARDUIN~1\Debug\libArduinoCore.a(HardwareSerial0.o)
                               0x13ef (size before relaxing)
 .debug_str     0x0000842d       0xa3 C:\Users\FUJITSU\DOCUME~1\ATMELS~1\7.0\HAIROB~1\HAIROB~1\ARDUIN~1\Debug\libArduinoCore.a(main.o)
                                0x2cb (size before relaxing)
 .debug_str     0x000084d0       0x3a C:\Users\FUJITSU\DOCUME~1\ATMELS~1\7.0\HAIROB~1\HAIROB~1\ARDUIN~1\Debug\libArduinoCore.a(new.o)
                                0x1e1 (size before relaxing)
 .debug_str     0x0000850a      0x37c C:\Users\FUJITSU\DOCUME~1\ATMELS~1\7.0\HAIROB~1\HAIROB~1\ARDUIN~1\Debug\libArduinoCore.a(Print.o)
                               0x1210 (size before relaxing)
 .debug_str     0x00008886      0x14d C:\Users\FUJITSU\DOCUME~1\ATMELS~1\7.0\HAIROB~1\HAIROB~1\ARDUIN~1\Debug\libArduinoCore.a(wiring.o)
                                0x261 (size before relaxing)
 .debug_str     0x000089d3      0x253 C:\Users\FUJITSU\DOCUME~1\ATMELS~1\7.0\HAIROB~1\HAIROB~1\ARDUIN~1\Debug\libArduinoCore.a(mcp_can.o)
                               0x11a9 (size before relaxing)
 .debug_str     0x00008c26       0xe8 C:\Users\FUJITSU\DOCUME~1\ATMELS~1\7.0\HAIROB~1\HAIROB~1\ARDUIN~1\Debug\libArduinoCore.a(SPI.o)
                                0x6c8 (size before relaxing)
 .debug_str     0x00008d0e      0x9d0 C:\Users\FUJITSU\DOCUME~1\ATMELS~1\7.0\HAIROB~1\HAIROB~1\ARDUIN~1\Debug\libArduinoCore.a(PS3USB.o)
                               0x68d7 (size before relaxing)
 .debug_str     0x000096de      0x676 C:\Users\FUJITSU\DOCUME~1\ATMELS~1\7.0\HAIROB~1\HAIROB~1\ARDUIN~1\Debug\libArduinoCore.a(Usb.o)
                               0x1d3b (size before relaxing)
 .debug_str     0x00009d54       0x1c C:\Users\FUJITSU\DOCUME~1\ATMELS~1\7.0\HAIROB~1\HAIROB~1\ARDUIN~1\Debug\libArduinoCore.a(hooks.o)
                                0x156 (size before relaxing)
 .debug_str     0x00009d70       0x72 C:\Users\FUJITSU\DOCUME~1\ATMELS~1\7.0\HAIROB~1\HAIROB~1\ARDUIN~1\Debug\libArduinoCore.a(wiring_digital.o)
                                0x2c6 (size before relaxing)

.debug_loc      0x00000000     0xc381
 *(.debug_loc)
 .debug_loc     0x00000000      0x9a5 Sketch.o
 .debug_loc     0x000009a5      0x482 C:\Users\FUJITSU\DOCUME~1\ATMELS~1\7.0\HAIROB~1\HAIROB~1\ARDUIN~1\Debug\libArduinoCore.a(HardwareSerial.o)
 .debug_loc     0x00000e27      0x18a C:\Users\FUJITSU\DOCUME~1\ATMELS~1\7.0\HAIROB~1\HAIROB~1\ARDUIN~1\Debug\libArduinoCore.a(HardwareSerial0.o)
 .debug_loc     0x00000fb1       0x4c C:\Users\FUJITSU\DOCUME~1\ATMELS~1\7.0\HAIROB~1\HAIROB~1\ARDUIN~1\Debug\libArduinoCore.a(new.o)
 .debug_loc     0x00000ffd     0x1c61 C:\Users\FUJITSU\DOCUME~1\ATMELS~1\7.0\HAIROB~1\HAIROB~1\ARDUIN~1\Debug\libArduinoCore.a(Print.o)
 .debug_loc     0x00002c5e      0x28d C:\Users\FUJITSU\DOCUME~1\ATMELS~1\7.0\HAIROB~1\HAIROB~1\ARDUIN~1\Debug\libArduinoCore.a(wiring.o)
 .debug_loc     0x00002eeb     0x368d C:\Users\FUJITSU\DOCUME~1\ATMELS~1\7.0\HAIROB~1\HAIROB~1\ARDUIN~1\Debug\libArduinoCore.a(mcp_can.o)
 .debug_loc     0x00006578      0x1e4 C:\Users\FUJITSU\DOCUME~1\ATMELS~1\7.0\HAIROB~1\HAIROB~1\ARDUIN~1\Debug\libArduinoCore.a(SPI.o)
 .debug_loc     0x0000675c     0x1fd8 C:\Users\FUJITSU\DOCUME~1\ATMELS~1\7.0\HAIROB~1\HAIROB~1\ARDUIN~1\Debug\libArduinoCore.a(PS3USB.o)
 .debug_loc     0x00008734     0x3651 C:\Users\FUJITSU\DOCUME~1\ATMELS~1\7.0\HAIROB~1\HAIROB~1\ARDUIN~1\Debug\libArduinoCore.a(Usb.o)
 .debug_loc     0x0000bd85      0x5fc C:\Users\FUJITSU\DOCUME~1\ATMELS~1\7.0\HAIROB~1\HAIROB~1\ARDUIN~1\Debug\libArduinoCore.a(wiring_digital.o)

.debug_macinfo
 *(.debug_macinfo)

.debug_weaknames
 *(.debug_weaknames)

.debug_funcnames
 *(.debug_funcnames)

.debug_typenames
 *(.debug_typenames)

.debug_varnames
 *(.debug_varnames)

.debug_pubtypes
 *(.debug_pubtypes)

.debug_ranges   0x00000000      0x830
 *(.debug_ranges)
 .debug_ranges  0x00000000       0xd0 Sketch.o
 .debug_ranges  0x000000d0       0x58 C:\Users\FUJITSU\DOCUME~1\ATMELS~1\7.0\HAIROB~1\HAIROB~1\ARDUIN~1\Debug\libArduinoCore.a(HardwareSerial.o)
 .debug_ranges  0x00000128       0x28 C:\Users\FUJITSU\DOCUME~1\ATMELS~1\7.0\HAIROB~1\HAIROB~1\ARDUIN~1\Debug\libArduinoCore.a(HardwareSerial0.o)
 .debug_ranges  0x00000150       0x20 C:\Users\FUJITSU\DOCUME~1\ATMELS~1\7.0\HAIROB~1\HAIROB~1\ARDUIN~1\Debug\libArduinoCore.a(main.o)
 .debug_ranges  0x00000170       0x18 C:\Users\FUJITSU\DOCUME~1\ATMELS~1\7.0\HAIROB~1\HAIROB~1\ARDUIN~1\Debug\libArduinoCore.a(new.o)
 .debug_ranges  0x00000188      0x110 C:\Users\FUJITSU\DOCUME~1\ATMELS~1\7.0\HAIROB~1\HAIROB~1\ARDUIN~1\Debug\libArduinoCore.a(Print.o)
 .debug_ranges  0x00000298       0x38 C:\Users\FUJITSU\DOCUME~1\ATMELS~1\7.0\HAIROB~1\HAIROB~1\ARDUIN~1\Debug\libArduinoCore.a(wiring.o)
 .debug_ranges  0x000002d0      0x1c0 C:\Users\FUJITSU\DOCUME~1\ATMELS~1\7.0\HAIROB~1\HAIROB~1\ARDUIN~1\Debug\libArduinoCore.a(mcp_can.o)
 .debug_ranges  0x00000490       0x28 C:\Users\FUJITSU\DOCUME~1\ATMELS~1\7.0\HAIROB~1\HAIROB~1\ARDUIN~1\Debug\libArduinoCore.a(SPI.o)
 .debug_ranges  0x000004b8      0x178 C:\Users\FUJITSU\DOCUME~1\ATMELS~1\7.0\HAIROB~1\HAIROB~1\ARDUIN~1\Debug\libArduinoCore.a(PS3USB.o)
 .debug_ranges  0x00000630      0x1c8 C:\Users\FUJITSU\DOCUME~1\ATMELS~1\7.0\HAIROB~1\HAIROB~1\ARDUIN~1\Debug\libArduinoCore.a(Usb.o)
 .debug_ranges  0x000007f8       0x10 C:\Users\FUJITSU\DOCUME~1\ATMELS~1\7.0\HAIROB~1\HAIROB~1\ARDUIN~1\Debug\libArduinoCore.a(hooks.o)
 .debug_ranges  0x00000808       0x28 C:\Users\FUJITSU\DOCUME~1\ATMELS~1\7.0\HAIROB~1\HAIROB~1\ARDUIN~1\Debug\libArduinoCore.a(wiring_digital.o)

.debug_macro
 *(.debug_macro)
OUTPUT(Hairobo2018_controller.elf elf32-avr)
LOAD linker stubs
